// Jest Snapshot v1, https://goo.gl/fbAQLP

exports[`Form component test: should match snapshot 1`] = `
<div
  className="container"
>
  <form
    data-testid="form"
    id="booking"
    onSubmit={[Function]}
  >
    <h1>
      Book the event
    </h1>
    <fieldset>
      <input
        className="firstName"
        data-testid="firstName"
        onChange={[Function]}
        placeholder="First name"
        required={true}
        type="text"
        value="John"
      />
    </fieldset>
    <fieldset>
      <input
        className="lastName"
        data-testid="lastName"
        onChange={[Function]}
        placeholder="Last name"
        required={true}
        type="text"
        value="Doe"
      />
    </fieldset>
    <fieldset>
      <input
        className="email"
        data-testid="email"
        onChange={[Function]}
        placeholder="Email address"
        required={true}
        type="email"
        value="example@example"
      />
    </fieldset>
    <fieldset>
      <div
        className="datePicker"
      >
        <div
          className="react-datepicker-wrapper"
        >
          <div
            className="react-datepicker__input-container"
          >
            <input
              className=""
              disabled={false}
              onBlur={[Function]}
              onChange={[Function]}
              onClick={[Function]}
              onFocus={[Function]}
              onKeyDown={[Function]}
              placeholder="Date of event"
              readOnly={false}
              required={true}
              type="text"
              value="05/24/2027"
            />
          </div>
        </div>
      </div>
    </fieldset>
    <fieldset>
      <button
        data-testid="submit"
        type="submit"
      >
        Submit
      </button>
    </fieldset>
  </form>
  <div
    className="modal"
    id="myModal"
  >
    <div
      className="modal-content"
    >
      <div
        className="modal-header"
      >
        <span
          className="close"
        >
          ×
        </span>
        <h2>
          Success
        </h2>
      </div>
      <div
        className="modal-body"
        data-testid="message"
      >
        <p>
           
        </p>
      </div>
      <div
        className="modal-footer"
      >
        <h3>
          Everything went smoothly!
        </h3>
      </div>
    </div>
  </div>
</div>
`;
